// Jest Snapshot v1, https://goo.gl/fbAQLP

exports[`<Icon /> render correctly 1`] = `
<View
  collapsable={false}
  style={Object {}}
>
  <RNSVGSvgView
    align="xMidYMid"
    bbHeight={24}
    bbWidth={24}
    fill="red"
    focusable={false}
    height={24}
    meetOrSlice={0}
    minX={0}
    minY={0}
    style={
      Array [
        Object {
          "backgroundColor": "transparent",
          "borderWidth": 0,
        },
        Object {
          "flex": 0,
          "height": 24,
          "width": 24,
        },
      ]
    }
    vbHeight={24}
    vbWidth={24}
    width={24}
  >
    <RNSVGGroup
      fill={4294901760}
      propList={
        Array [
          "fill",
        ]
      }
    >
      <RNSVGGroup>
        <RNSVGGroup>
          <RNSVGRect
            height="24"
            matrix={
              Array [
                -1,
                1.2246467991473532e-16,
                -1.2246467991473532e-16,
                -1,
                24,
                24,
              ]
            }
            opacity={0}
            width="24"
            x={0}
            y={0}
          />
          <RNSVGPath
            d="M17 3.5a.5.5 0 0 0-.5-.5H14a4.77 4.77 0 0 0-5 4.5v2.7H6.5a.5.5 0 0 0-.5.5v2.6a.5.5 0 0 0 .5.5H9v6.7a.5.5 0 0 0 .5.5h3a.5.5 0 0 0 .5-.5v-6.7h2.62a.5.5 0 0 0 .49-.37l.72-2.6a.5.5 0 0 0-.48-.63H13V7.5a1 1 0 0 1 1-.9h2.5a.5.5 0 0 0 .5-.5z"
          />
        </RNSVGGroup>
      </RNSVGGroup>
    </RNSVGGroup>
  </RNSVGSvgView>
</View>
`;
